// Jest Snapshot v1, https://goo.gl/fbAQLP

exports[`Todo Rendering renders properly 1`] = `
ShallowWrapper {
  "length": 1,
  Symbol(enzyme.__root__): [Circular],
  Symbol(enzyme.__unrendered__): <Todo
    completed={false}
    task="Test"
/>,
  Symbol(enzyme.__renderer__): Object {
    "batchedUpdates": [Function],
    "getNode": [Function],
    "render": [Function],
    "simulateEvent": [Function],
    "unmount": [Function],
  },
  Symbol(enzyme.__node__): Object {
    "instance": null,
    "key": undefined,
    "nodeType": "host",
    "props": Object {
      "children": Array [
        <input
          className="task-checkbox"
          onClick={[Function]}
          type="checkbox"
          value={false}
/>,
        "Test",
      ],
    },
    "ref": null,
    "rendered": Array [
      Object {
        "instance": null,
        "key": undefined,
        "nodeType": "host",
        "props": Object {
          "className": "task-checkbox",
          "onClick": [Function],
          "type": "checkbox",
          "value": false,
        },
        "ref": null,
        "rendered": null,
        "type": "input",
      },
      "Test",
    ],
    "type": "div",
  },
  Symbol(enzyme.__nodes__): Array [
    Object {
      "instance": null,
      "key": undefined,
      "nodeType": "host",
      "props": Object {
        "children": Array [
          <input
            className="task-checkbox"
            onClick={[Function]}
            type="checkbox"
            value={false}
/>,
          "Test",
        ],
      },
      "ref": null,
      "rendered": Array [
        Object {
          "instance": null,
          "key": undefined,
          "nodeType": "host",
          "props": Object {
            "className": "task-checkbox",
            "onClick": [Function],
            "type": "checkbox",
            "value": false,
          },
          "ref": null,
          "rendered": null,
          "type": "input",
        },
        "Test",
      ],
      "type": "div",
    },
  ],
  Symbol(enzyme.__options__): Object {
    "adapter": ReactSixteenAdapter {
      "options": Object {
        "enableComponentDidUpdateOnSetState": true,
      },
    },
    "disableLifecycleMethods": true,
  },
}
`;
